stm32wlxx_ll_bus.h:1303:22:LL_APB2_GRP1_EnableClock	24	static
stm32wlxx_ll_bus.h:1351:22:LL_APB2_GRP1_DisableClock	16	static
stm32l4_adc.c:23:13:Error_Handler	4	static,ignoring_inline_asm
stm32l4_adc.c:37:6:MX_ADC_Init	56	static
stm32l4_adc.c:108:6:HAL_ADC_ConvCpltCallback	16	static
stm32l4_adc.c:117:6:HAL_ADC_LevelOutOfWindowCallback	16	static
stm32l4_adc.c:127:6:HAL_ADC_ErrorCallback	16	static
stm32l4_adc.c:135:10:adc_get_result	16	static
stm32l4_adc.c:143:6:adc_reg_awd_callback	16	static
stm32l4_adc.c:152:6:ADC_DeInit	8	static
